[0.434s] Invoking command in '/home/coach-s-pc/auv_pc_ws/build/auv_gui': DEBUGINFOD_URLS=https://debuginfod.ubuntu.com PYTHONPATH=/home/coach-s-pc/auv_pc_ws/build/auv_gui/prefix_override:/usr/lib/python3/dist-packages/colcon_core/task/python/colcon_distutils_commands:/home/coach-s-pc/auv_pc_ws/install/auv_gui/lib/python3.12/site-packages:${PYTHONPATH} /usr/bin/python3 -W ignore:setup.py install is deprecated -W ignore:easy_install command is deprecated setup.py develop --uninstall --editable --build-directory /home/coach-s-pc/auv_pc_ws/build/auv_gui/build
[0.577s] running develop
[0.656s] Removing /home/coach-s-pc/auv_pc_ws/install/auv_gui/lib/python3.12/site-packages/auv-gui.egg-link (link to .)
[0.671s] Invoked command in '/home/coach-s-pc/auv_pc_ws/build/auv_gui' returned '0': DEBUGINFOD_URLS=https://debuginfod.ubuntu.com PYTHONPATH=/home/coach-s-pc/auv_pc_ws/build/auv_gui/prefix_override:/usr/lib/python3/dist-packages/colcon_core/task/python/colcon_distutils_commands:/home/coach-s-pc/auv_pc_ws/install/auv_gui/lib/python3.12/site-packages:${PYTHONPATH} /usr/bin/python3 -W ignore:setup.py install is deprecated -W ignore:easy_install command is deprecated setup.py develop --uninstall --editable --build-directory /home/coach-s-pc/auv_pc_ws/build/auv_gui/build
[0.671s] Invoking command in '/home/coach-s-pc/auv_pc_ws/src/auv_gui': DEBUGINFOD_URLS=https://debuginfod.ubuntu.com PYTHONPATH=/home/coach-s-pc/auv_pc_ws/build/auv_gui/prefix_override:/usr/lib/python3/dist-packages/colcon_core/task/python/colcon_distutils_commands:/home/coach-s-pc/auv_pc_ws/install/auv_gui/lib/python3.12/site-packages:${PYTHONPATH} /usr/bin/python3 -W ignore:setup.py install is deprecated -W ignore:easy_install command is deprecated setup.py egg_info --egg-base ../../build/auv_gui build --build-base /home/coach-s-pc/auv_pc_ws/build/auv_gui/build install --record /home/coach-s-pc/auv_pc_ws/build/auv_gui/install.log --single-version-externally-managed install_data --force
[0.792s] running egg_info
[0.799s] writing ../../build/auv_gui/auv_gui.egg-info/PKG-INFO
[0.799s] writing dependency_links to ../../build/auv_gui/auv_gui.egg-info/dependency_links.txt
[0.800s] writing entry points to ../../build/auv_gui/auv_gui.egg-info/entry_points.txt
[0.800s] writing requirements to ../../build/auv_gui/auv_gui.egg-info/requires.txt
[0.800s] writing top-level names to ../../build/auv_gui/auv_gui.egg-info/top_level.txt
[0.815s] reading manifest file '../../build/auv_gui/auv_gui.egg-info/SOURCES.txt'
[0.815s] writing manifest file '../../build/auv_gui/auv_gui.egg-info/SOURCES.txt'
[0.815s] running build
[0.815s] running build_py
[0.815s] creating /home/coach-s-pc/auv_pc_ws/build/auv_gui/build
[0.816s] creating /home/coach-s-pc/auv_pc_ws/build/auv_gui/build/lib
[0.816s] creating /home/coach-s-pc/auv_pc_ws/build/auv_gui/build/lib/auv_gui
[0.816s] copying auv_gui/dashboard.py -> /home/coach-s-pc/auv_pc_ws/build/auv_gui/build/lib/auv_gui
[0.816s] copying auv_gui/__init__.py -> /home/coach-s-pc/auv_pc_ws/build/auv_gui/build/lib/auv_gui
[0.816s] running install
[0.819s] running install_lib
[0.827s] creating /home/coach-s-pc/auv_pc_ws/install/auv_gui/lib/python3.12/site-packages/auv_gui
[0.827s] copying /home/coach-s-pc/auv_pc_ws/build/auv_gui/build/lib/auv_gui/dashboard.py -> /home/coach-s-pc/auv_pc_ws/install/auv_gui/lib/python3.12/site-packages/auv_gui
[0.827s] copying /home/coach-s-pc/auv_pc_ws/build/auv_gui/build/lib/auv_gui/__init__.py -> /home/coach-s-pc/auv_pc_ws/install/auv_gui/lib/python3.12/site-packages/auv_gui
[0.827s] byte-compiling /home/coach-s-pc/auv_pc_ws/install/auv_gui/lib/python3.12/site-packages/auv_gui/dashboard.py to dashboard.cpython-312.pyc
[0.833s] byte-compiling /home/coach-s-pc/auv_pc_ws/install/auv_gui/lib/python3.12/site-packages/auv_gui/__init__.py to __init__.cpython-312.pyc
[0.834s] running install_data
[0.834s] copying resource/auv_gui -> /home/coach-s-pc/auv_pc_ws/install/auv_gui/share/ament_index/resource_index/packages
[0.834s] copying package.xml -> /home/coach-s-pc/auv_pc_ws/install/auv_gui/share/auv_gui
[0.834s] running install_egg_info
[0.842s] Copying ../../build/auv_gui/auv_gui.egg-info to /home/coach-s-pc/auv_pc_ws/install/auv_gui/lib/python3.12/site-packages/auv_gui-0.0.0-py3.12.egg-info
[0.842s] running install_scripts
[0.895s] Installing dash script to /home/coach-s-pc/auv_pc_ws/install/auv_gui/lib/auv_gui
[0.895s] writing list of installed files to '/home/coach-s-pc/auv_pc_ws/build/auv_gui/install.log'
[0.908s] Invoked command in '/home/coach-s-pc/auv_pc_ws/src/auv_gui' returned '0': DEBUGINFOD_URLS=https://debuginfod.ubuntu.com PYTHONPATH=/home/coach-s-pc/auv_pc_ws/build/auv_gui/prefix_override:/usr/lib/python3/dist-packages/colcon_core/task/python/colcon_distutils_commands:/home/coach-s-pc/auv_pc_ws/install/auv_gui/lib/python3.12/site-packages:${PYTHONPATH} /usr/bin/python3 -W ignore:setup.py install is deprecated -W ignore:easy_install command is deprecated setup.py egg_info --egg-base ../../build/auv_gui build --build-base /home/coach-s-pc/auv_pc_ws/build/auv_gui/build install --record /home/coach-s-pc/auv_pc_ws/build/auv_gui/install.log --single-version-externally-managed install_data --force
